/pay/src/sorbet/test/cli/windows-line-endings/windows-line-endings.rb: ASCII text, with CRLF line terminators
No errors! Great job.
